Layers: ((1, 4),)
Executed postproc func 0 on tensor output by {(1, 4)}
