    Evaluation of 3 scores against 2 OoD sets and 2 metrics:    
         MetricMaxPosFactory() / MetricMinNegFactory()          
┏━━━━━━━━━━━━━━━━━━━━━━━━━━┳━━━━━━━━━━━━━━━━━┳━━━━━━━━━━━━━━━━━┓
┃ Scores                   ┃     OoD 1:      ┃     OoD 2:      ┃
┃ ↳ Recorded layers        ┃   Test OoD 1    ┃   Test OoD 2    ┃
┡━━━━━━━━━━━━━━━━━━━━━━━━━━╇━━━━━━━━━━━━━━━━━╇━━━━━━━━━━━━━━━━━┩
│ ScoreFactory()           │  0.865 / 0.225  │  0.933 / 0.225  │
│ ↳ (1, 1)                 │                 │                 │
├──────────────────────────┼─────────────────┼─────────────────┤
│ ScoreFactory()           │ -2.605 / -3.813 │ -2.465 / -3.813 │
├──────────────────────────┼─────────────────┼─────────────────┤
│ ScoreFactory()           │ -3.175 / -4.187 │ -3.006 / -4.187 │
│ ↳ (1, 2), (1, 3), (1, 5) │                 │                 │
╰──────────────────────────┴─────────────────┴─────────────────╯
