Evaluation of 3 scores against 2 OoD sets and 2
                    metrics                    
┏━━━━━━━━━┳━━━━━━━━━━━━━━━━━┳━━━━━━━━━━━━━━━━━┓
┃         ┃     OoD 1:      ┃     OoD 2:      ┃
┃ Scores  ┃   Test OoD 1    ┃   Test OoD 2    ┃
┡━━━━━━━━━╇━━━━━━━━━━━━━━━━━╇━━━━━━━━━━━━━━━━━┩
│ Score 1 │  0.865 / 0.225  │  0.933 / 0.225  │
├─────────┼─────────────────┼─────────────────┤
│ Score 2 │ -2.605 / -3.813 │ -2.465 / -3.813 │
├─────────┼─────────────────┼─────────────────┤
│ Score 3 │ -3.175 / -4.187 │ -3.006 / -4.187 │
└─────────┴─────────────────┴─────────────────┘
