# With layers=((1, 4),)
Recorder instance for the following network
============================================================================================================================================
Layer (type (var_name):depth-idx)        Input Shape               Output Shape              Param #                   Param %
============================================================================================================================================
Net3DFactory (Net3DFactory)              [5, 1, 4, 4]              [5, 2]                    --                             --
├─Conv2d (conv): 1-1                     [5, 1, 4, 4]              [5, 2, 2, 2]              20                         76.92%
├─Softplus (softplus): 1-2               [5, 2, 2, 2]              [5, 2, 2, 2]              --                             --
├─MaxPool2d (pool): 1-3                  [5, 2, 2, 2]              [5, 2, 1, 1]              --                             --
├─Flatten (flatten): 1-4                 [5, 2, 1, 1]              [5, 2]                    --                             --
├─Linear (fc): 1-5                       [5, 2]                    [5, 2]                    6                          23.08%
============================================================================================================================================
Total params: 26
Trainable params: 26
Non-trainable params: 0
Total mult-adds (Units.MEGABYTES): 0.00
============================================================================================================================================
Input size (MB): 0.00
Forward/backward pass size (MB): 0.00
Params size (MB): 0.00
Estimated Total Size (MB): 0.00
============================================================================================================================================
Currently recording: 1-4
============================================================================================================================================
#
